# 
# puts [exec python golden_model.py]
# if {![file isdirectory work]} {vlib work}
# if {![file exists modelsim.ini]} {vmap -c}
# vmap work [file normalize work]
# Model Technology ModelSim - Intel FPGA Edition vmap 10.5b Lib Mapping Utility 2016.10 Oct  5 2016
# vmap work C:/intelFPGA/17.0/HW1/work 
# Modifying modelsim.ini
# vlog -work work -lint mod_add.v mod_sub.v mod_mul.v bfly_ct.v tb_hw1.v
# Model Technology ModelSim - Intel FPGA Edition vlog 10.5b Compiler 2016.10 Oct  5 2016
# Start time: 23:19:16 on Oct 09,2026
# vlog -work work -lint mod_add.v mod_sub.v mod_mul.v bfly_ct.v tb_hw1.v 
# -- Compiling module mod_add
# -- Compiling module mod_sub
# -- Compiling module mod_mul
# -- Compiling module bfly_ct
# -- Compiling module tb_hw1
# 
# Top level modules:
# 	tb_hw1
# End time: 23:19:17 on Oct 09,2026, Elapsed time: 0:00:01
# Errors: 0, Warnings: 0
# 
# vsim -voptargs=+acc -wlf sim_results/hw1.wlf work.tb_hw1
# vsim -voptargs="+acc" -wlf sim_results/hw1.wlf work.tb_hw1 
# Start time: 23:19:17 on Oct 09,2026
# Loading work.tb_hw1
# Loading work.mod_add
# Loading work.mod_sub
# Loading work.mod_mul
# Loading work.bfly_ct
# onbreak {finish_verification}
# onfinish stop
# log -r /*
# if {![batch_mode]} {
#     view wave
#     add wave -radix unsigned sim:/tb_hw1/phase sim:/tb_hw1/case_id sim:/tb_hw1/kind
#     add wave -divider {Arithmetic units}
#     add wave -radix unsigned sim:/tb_hw1/a sim:/tb_hw1/b \
#         sim:/tb_hw1/add_c sim:/tb_hw1/exp_add \
#         sim:/tb_hw1/sub_c sim:/tb_hw1/exp_sub \
#         sim:/tb_hw1/mul_c sim:/tb_hw1/exp_mul
#     add wave -divider {Butterfly}
#     add wave -radix unsigned sim:/tb_hw1/u sim:/tb_hw1/v sim:/tb_hw1/zeta \
#         sim:/tb_hw1/uo sim:/tb_hw1/exp_uo sim:/tb_hw1/vo sim:/tb_hw1/exp_vo
# }
# run -all
# mod_add: cases=126 errors=0
# mod_sub: cases=126 errors=0
# mod_mul: cases=126 errors=0
# bfly_ct: cases=125 errors=0
# PASS: all four HW1 modules match the Python golden model.
# ** Note: $finish    : tb_hw1.v(212)
#    Time: 2510 ns  Iteration: 0  Instance: /tb_hw1
# Break in Module tb_hw1 at tb_hw1.v line 212
# End time: 23:19:17 on Oct 09,2026, Elapsed time: 0:00:00
# Errors: 0, Warnings: 0
